// Jest Snapshot v1, https://goo.gl/fbAQLP

exports[`Button renders correctly 1`] = `
<div
  className="sc-bdVaJa izOrJH"
>
  <div
    className="btn"
    onClick={[Function]}
  >
    <p />
  </div>
</div>
`;
