// Jest Snapshot v1, https://goo.gl/fbAQLP

exports[`Footer renders correctly 1`] = `
<footer
  className="sc-bdVaJa cZNZUX"
>
  App was created with 
  <span
    className="heart"
  >
    ‚ù§
  </span>
   by NK
</footer>
`;
